// Jest Snapshot v1, https://goo.gl/fbAQLP

exports[`matches snapshot 1`] = `
<DocumentFragment>
  <h5
    class="card-title"
  >
    <div
      class="card"
    >
      <div
        class="card-body"
      >
        <p
          class="font-italic card-text"
        />
        <p>
          <b>
            Recipe:
          </b>
           
        </p>
        <p>
          <b>
            Serve:
          </b>
           
        </p>
        <p />
      </div>
    </div>
  </h5>
</DocumentFragment>
`;
